Warning: Unknown HEADER.DIMBLK ARCHTICK dxf:1
Warning: Invalid symbol table record name ""

Warning: Invalid symbol table record name ""

Warning: Invalid symbol table record name ""

Warning: Invalid symbol table record name ""

ERROR: Duplicate handle 1F for object 168 already points to object 0
Warning: Unknown DXF code 70 for MATERIAL
Warning: Unknown DXF code 40 for MATERIAL
Warning: Unknown DXF code 71 for MATERIAL
Warning: Unknown DXF code 41 for MATERIAL
Warning: Unknown DXF code 91 for MATERIAL
Warning: Unknown DXF code 42 for MATERIAL
Warning: Unknown DXF code 72 for MATERIAL
Warning: Unknown DXF code 3 for MATERIAL
Warning: Unknown DXF code 73 for MATERIAL
Warning: Unknown DXF code 74 for MATERIAL
Warning: Unknown DXF code 75 for MATERIAL
Warning: Unknown DXF code 73 for MATERIAL
Warning: Unknown DXF code 45 for MATERIAL
Warning: Unknown DXF code 46 for MATERIAL
Warning: Unknown DXF code 77 for MATERIAL
Warning: Unknown DXF code 4 for MATERIAL
Warning: Unknown DXF code 78 for MATERIAL
Warning: Unknown DXF code 79 for MATERIAL
Warning: Unknown DXF code 170 for MATERIAL
Warning: Unknown DXF code 48 for MATERIAL
Warning: Unknown DXF code 171 for MATERIAL
Warning: Unknown DXF code 6 for MATERIAL
Warning: Unknown DXF code 172 for MATERIAL
Warning: Unknown DXF code 173 for MATERIAL
Warning: Unknown DXF code 174 for MATERIAL
Warning: Unknown DXF code 141 for MATERIAL
Warning: Unknown DXF code 175 for MATERIAL
Warning: Unknown DXF code 7 for MATERIAL
Warning: Unknown DXF code 176 for MATERIAL
Warning: Unknown DXF code 177 for MATERIAL
Warning: Unknown DXF code 178 for MATERIAL
Warning: Unknown DXF code 143 for MATERIAL
Warning: Unknown DXF code 179 for MATERIAL
Warning: Unknown DXF code 271 for MATERIAL
Warning: Unknown DXF code 272 for MATERIAL
Warning: Unknown DXF code 146 for MATERIAL
Warning: Unknown DXF code 273 for MATERIAL
Warning: Unknown DXF code 9 for MATERIAL
Warning: Unknown DXF code 274 for MATERIAL
Warning: Unknown DXF code 275 for MATERIAL
Warning: Unknown DXF code 276 for MATERIAL
Warning: Unknown DXF code 42 for MATERIAL
Warning: Unknown DXF code 72 for MATERIAL
Warning: Unknown DXF code 3 for MATERIAL
Warning: Unknown DXF code 73 for MATERIAL
Warning: Unknown DXF code 74 for MATERIAL
Warning: Unknown DXF code 75 for MATERIAL
Warning: Unknown DXF code 70 for MATERIAL
Warning: Unknown DXF code 40 for MATERIAL
Warning: Unknown DXF code 71 for MATERIAL
Warning: Unknown DXF code 41 for MATERIAL
Warning: Unknown DXF code 91 for MATERIAL
Warning: Unknown DXF code 42 for MATERIAL
Warning: Unknown DXF code 72 for MATERIAL
Warning: Unknown DXF code 3 for MATERIAL
Warning: Unknown DXF code 73 for MATERIAL
Warning: Unknown DXF code 74 for MATERIAL
Warning: Unknown DXF code 75 for MATERIAL
Warning: Unknown DXF code 73 for MATERIAL
Warning: Unknown DXF code 45 for MATERIAL
Warning: Unknown DXF code 46 for MATERIAL
Warning: Unknown DXF code 77 for MATERIAL
Warning: Unknown DXF code 4 for MATERIAL
Warning: Unknown DXF code 78 for MATERIAL
Warning: Unknown DXF code 79 for MATERIAL
Warning: Unknown DXF code 170 for MATERIAL
Warning: Unknown DXF code 48 for MATERIAL
Warning: Unknown DXF code 171 for MATERIAL
Warning: Unknown DXF code 6 for MATERIAL
Warning: Unknown DXF code 172 for MATERIAL
Warning: Unknown DXF code 173 for MATERIAL
Warning: Unknown DXF code 174 for MATERIAL
Warning: Unknown DXF code 141 for MATERIAL
Warning: Unknown DXF code 175 for MATERIAL
Warning: Unknown DXF code 7 for MATERIAL
Warning: Unknown DXF code 176 for MATERIAL
Warning: Unknown DXF code 177 for MATERIAL
Warning: Unknown DXF code 178 for MATERIAL
Warning: Unknown DXF code 143 for MATERIAL
Warning: Unknown DXF code 179 for MATERIAL
Warning: Unknown DXF code 271 for MATERIAL
Warning: Unknown DXF code 272 for MATERIAL
Warning: Unknown DXF code 146 for MATERIAL
Warning: Unknown DXF code 273 for MATERIAL
Warning: Unknown DXF code 9 for MATERIAL
Warning: Unknown DXF code 274 for MATERIAL
Warning: Unknown DXF code 275 for MATERIAL
Warning: Unknown DXF code 276 for MATERIAL
Warning: Unknown DXF code 42 for MATERIAL
Warning: Unknown DXF code 72 for MATERIAL
Warning: Unknown DXF code 3 for MATERIAL
Warning: Unknown DXF code 73 for MATERIAL
Warning: Unknown DXF code 74 for MATERIAL
Warning: Unknown DXF code 75 for MATERIAL
Warning: Unknown DXF code 70 for MATERIAL
Warning: Unknown DXF code 40 for MATERIAL
Warning: Unknown DXF code 71 for MATERIAL
Warning: Unknown DXF code 41 for MATERIAL
Warning: Unknown DXF code 91 for MATERIAL
Warning: Unknown DXF code 42 for MATERIAL
Warning: Unknown DXF code 72 for MATERIAL
Warning: Unknown DXF code 3 for MATERIAL
Warning: Unknown DXF code 73 for MATERIAL
Warning: Unknown DXF code 74 for MATERIAL
Warning: Unknown DXF code 75 for MATERIAL
Warning: Unknown DXF code 73 for MATERIAL
Warning: Unknown DXF code 45 for MATERIAL
Warning: Unknown DXF code 46 for MATERIAL
Warning: Unknown DXF code 77 for MATERIAL
Warning: Unknown DXF code 4 for MATERIAL
Warning: Unknown DXF code 78 for MATERIAL
Warning: Unknown DXF code 79 for MATERIAL
Warning: Unknown DXF code 170 for MATERIAL
Warning: Unknown DXF code 48 for MATERIAL
Warning: Unknown DXF code 171 for MATERIAL
Warning: Unknown DXF code 6 for MATERIAL
Warning: Unknown DXF code 172 for MATERIAL
Warning: Unknown DXF code 173 for MATERIAL
Warning: Unknown DXF code 174 for MATERIAL
Warning: Unknown DXF code 141 for MATERIAL
Warning: Unknown DXF code 175 for MATERIAL
Warning: Unknown DXF code 7 for MATERIAL
Warning: Unknown DXF code 176 for MATERIAL
Warning: Unknown DXF code 177 for MATERIAL
Warning: Unknown DXF code 178 for MATERIAL
Warning: Unknown DXF code 143 for MATERIAL
Warning: Unknown DXF code 179 for MATERIAL
Warning: Unknown DXF code 271 for MATERIAL
Warning: Unknown DXF code 272 for MATERIAL
Warning: Unknown DXF code 146 for MATERIAL
Warning: Unknown DXF code 273 for MATERIAL
Warning: Unknown DXF code 9 for MATERIAL
Warning: Unknown DXF code 274 for MATERIAL
Warning: Unknown DXF code 275 for MATERIAL
Warning: Unknown DXF code 276 for MATERIAL
Warning: Unknown DXF code 42 for MATERIAL
Warning: Unknown DXF code 72 for MATERIAL
Warning: Unknown DXF code 3 for MATERIAL
Warning: Unknown DXF code 73 for MATERIAL
Warning: Unknown DXF code 74 for MATERIAL
Warning: Unknown DXF code 75 for MATERIAL
Warning: Unknown HEADER.DIMBLK ARCHTICK dxf:1
Warning: 
Object MLEADERSTYLE unsupported
Warning: Unstable Class object 506 MLEADERSTYLE (0xfff) 172/2C
Reading DXF file /evidence/input/transport.dxf
Writing DWG file /tmp/raw.dwg as r2000

SUCCESS

SUCCESS
LINUX_DWG_SMOKE_OK
