
> joyniu-newcad@0.1.0 build
> vite build --outDir /tmp/joyniu-currentcad-production-dist-20260912

vite v8.2.2 building client environment for production...
transforming...
✓ 154 modules transformed.

(!) outDir /tmp/joyniu-currentcad-production-dist-20260912 is not inside project root and will not be emptied.
Use --emptyOutDir to override.

rendering chunks...
computing gzip size...
../../../../../tmp/joyniu-currentcad-production-dist-20260912/index.html                          0.47 kB │ gzip:   0.34 kB
../../../../../tmp/joyniu-currentcad-production-dist-20260912/assets/AdminShell-IMmj5css.css     41.43 kB │ gzip:   8.60 kB
../../../../../tmp/joyniu-currentcad-production-dist-20260912/assets/index-Txxx0ECn.css         281.66 kB │ gzip:  57.25 kB
../../../../../tmp/joyniu-currentcad-production-dist-20260912/assets/AdminShell-BACjkuO7.js      87.75 kB │ gzip:  26.42 kB
../../../../../tmp/joyniu-currentcad-production-dist-20260912/assets/index-CpKbQlqj.js        1,656.17 kB │ gzip: 490.63 kB

[plugin builtin:vite-reporter] 
(!) Some chunks are larger than 500 kB after minification. Consider:
- Using dynamic import() to code-split the application
- Use build.rolldownOptions.output.codeSplitting to improve chunking: https://rolldown.rs/reference/OutputOptions.codeSplitting
- Adjust chunk size limit for this warning via build.chunkSizeWarningLimit.
✓ built in 348ms
